[40m[2J[4C[0;1;33m_______________________________________________________________________[2H   [0;30;44mщ                [1;37mP U B L I C      E N E M Y      S I T E S              [0;30;44mч[3H[3C[1;40mцдедедедедедедедедедедедедедедедедеде[s
[uдедедедедедедедедедедедедедедедедед╢[4H   цдеде[32mLocation[30mдеде[32mBoard[30mе[32mName[30mдедедедедедедедеде[32mArea[30mд[32mCode[30mедедеде[32mBaud[30mд[32mRate[30mед╢[5H   цдедедедедедедедедедедедедедедедедедедедедедедедедедедед[s
[uедедедедедедедед╢[6H   цдеде[33m-World HQ-[30mде[33mInstruments[30mе[33mof[30mд[33mDarkness[30mеде[33m-*[ (514) ]*-[30mедедеде[33m14.4k[30mедед╢[7H   цдедедедедедедедедедедедедедедедедедедедедедедедедедедедедедедедедедедед╢[8H   цдеде[s
[u[37m-East-[30mдедеде[37mUNDERWARES[30mдедедедедедедеде[37m-*[ (919) ]*-[30mедедеде[37m14.4k[30mедед╢[9H   цдедедедедедедеде[37mTWIN[30mд[37mPEAK[30mедедедедедедедеде[37m-*[ (609) ]*-[30mедедеде[37m14.4k[30mедед╢[10H   цдедедедедеде[s
[uдедедедедедедедедедедедедедедедедедедедедедедедедедедедедед╢[11H   цдеде[36m-Central-[30mеде[36mCHIMERAN[30mд[36mCONSPIRACY[30mедедеде[36m-*[ (612) ]*-[30mедедеде[36m14.4k[30mедед╢[12H   цдедедедедедедеде[36mHIGH[30mд[36mINTENSITY[s
[u[30mдедедедедеде[36m-*[ (512) ]*-[30mедедеде[36m14.4k[30mедед╢[13H   цдедедедедедедедедедедедедедедедедедедедедедедедедедедедедедедедедедедед╢[14H   цдеде[31m-West-[30mдедеде[31mMAXIMUM[30mе[31mSECURITY[30mдедедедеде[31m-*[ (408) ]*-[s
[u[30mедедеде[31m14.4k[30mедед╢[15H   цдедедедедедедеде[31mTRUMP[30mе[31mTOWER[30mедедедедедедеде[31m-*[ (206) ]*-[30mедедеде[31m14.4k[30mедед╢[16H   цдедедедедедедедедедедедедедедедедедедедедедедедедедедедедедедедедедедед╢[17H   цдеде[s
[u[34m-Canada-[30mдеде[34mC.O.P.S.[30mдедедедедедедедеде[34m-*[ (416) ]*-[30mедедеде[34m14.4k[30mедед╢[18H   цдедедедедедедеде[34mDANGER[30mд[34mZONE[30mедедедедедедеде[34m-*[ (514) ]*-[30mедедеде[34m2400[30mдедед╢[19H   цдедедедедед[s
[uедеде[34mSERPENT'S[30mе[34mHOLD[30mдедедедедеде[34m-*[ (514) ]*-[30mедедеде[34m2400[30mдедед╢[20H   юдададададададададададададададададададададададададададададададададададады[0m
