[40m[2J[4C[0;1;33m_______________________________________________________________________[2H   [0;30;44mщ                [1;37mP U B L I C      E N E M Y      S I T E S              [0;30;44mч[3H[3C[1;40mцдедедедедедедедедедедедедедедедедеде[s
[uдедедедедедедедедедедедедедедедедед╢[4H   цдеде[32mLocation[30mдеде[32mBoard[30mе[32mName[30mдедедедедедедедедеде[32mNumber[30mдедедеде[32mBaud[30mд[32mRate[30mед╢[5H   цдедедедедедедедедедедедедедедедедедедедедедедедедедедедедедедедед[s
[uедедед╢[6H   цдеде[33m-World HQ-[30mде[33mTHEATRE[30mе[33mOF[30mд[33mPAIN[30mедедедедедед[33m514-661-3077[30mедедеде[33m14.4k[30mедед╢[7H   цдедедедедедедедедедедедедедедедедедедедедедедедедедедедедедедедедедедед╢[8H   цдеде[37m-East[s
[u-[30mдедеде[37mMOTHER[30mд[37mBOARD[30mд[37mI[30mдедедедедедед[37m516-783-1450[30mедедеде[37m14.4k[30mедед╢[9H   цдедедедедедедедедедедедедедедедедедедедедедедедедедедедедедедедедедедед╢[10H   цдеде[36m-Central-[30mеде[36mHIGH[30mд[s
[u[36mINTENSITY[30mдедедедедедед[36m512-447-4530[30mедедеде[36m14.4k[30mедед╢[11H   цдедедедедедедедедедедедедедедедедедедедедедедедедедедедедедедедедедедед╢[12H   цдеде[31m-West-[30mдедеде[31mTRUMP[30mе[31mTOWER[30mедедедедедедедед[31m[s
[u206-471-0358[30mедедеде[31m14.4k[30mедед╢[13H   цдедедедедедедедедедедедедедедедедедедедедедедедедедедедедедедедедедедед╢[14H   цдеде[35m-Europe-[30mдеде[35mWEST[30mд[35mPOINT[30mд[35m(RSI)[30mдедедедедед[35m49[30mе[35m211[30mе[35m[s
[u575[30mе[35m294[30mедеде[35m14.4k[30mедед╢[15H   цдедедедедедедедедедедедедедедедедедедедедедедедедедедедедедедедедедедед╢[16H   цдеде[34mдCanadaд[30mдеде[34mDANGER[30mд[34mZONE[30mедедедедедедедед[34m514-323-8246[30mедедеде[34m2400[s
[u[30mдедед╢[17H   цдедедедедедедедедедедедедедедедедедедедедедедедедедедедедедедедедедедед╢[18H   юдададададададададададададададададададададададададададададададададададады[19H[29C[5;37mCALL ONE TODAY ![20H[21H[22H[23H[0m
