[?7h[40m[2J[2;1H[53C[0;1;31m∞[3;1H[4;1H[20C[0;31m∞[8C[1m∞[7C[0;31m∞[15C[1m±[17C[0;31m≤<Eboy>[5;1H    [1m‹‹ﬂﬂﬂﬂ[0;31mﬂ[1mﬂ[0;31mﬂﬂ[1mﬂ[0;31m‹‹   ±   ‹‹[1m‹‹‹[0;31m≤[1m‹‹‹[0;31m‹‹  ±  ‹‹‹[1m‹‹[0;31m≤[1m‹‹[0;31m‹‹[1m‹  ≤ [s
[u [0;31m‹‹‹[1m‹‹‹‹‹[0;31m‹‹[1mﬂ[0;31mﬂﬂﬂﬂ[1mﬂ[0;31mﬂ[1mﬂﬂﬂ[0;31mﬂﬂ[1m‹[6;1H  [0;31m≤[1mﬂ ‹‹€€[0;31m≤[1;41mﬂ[0;31m€€€‹‹ [1mﬂ[0;31mﬂ‹≤‹ﬂ[1mﬂ [0;31m‹‹[1m‹‹‹‹‹‹[0;31m‹ ﬂﬂ≤ﬂﬂ ‹‹‹‹[1m‹‹‹[0;31m‹‹ ﬂﬂ[1m≤[0;31mﬂﬂ ‹‹‹[1m‹‹‹[0;31m‹‹‹[s
[u ﬂ ﬂﬂﬂﬂ€€€‹ ≤[7;1H  ± [1m€€€[0;31m€€€€€€  ﬂ€€‹‹  ‹€€≤€€[1m€  [0;31mﬂ€€€€‹ ‹€€€€€[1m€  ﬂ€[0;31m€€[1m€[0;31m‹ ‹€€[1m€[0;31m€[1m€ﬂ ﬂ€[0;31m€€€[35m€‹ [31m€€  €€≤ ±[8;1H‹ [1m‹[0;31m‹[1m€[0;31m€€€€≤€€    €€€€€ [1m€[0;31m€€€€≤  ∞ €€≤€[s
[u€€ [35m€[31m€≤€[1m€  [0;31m∞ [35m€[31m€€€≤[35m€ [31m€€≤€[35m€ [31m∞ [35mﬁ[31m€≤€€[35m€€ [31m€  €€[35m≤ [31m∞[9;1H[7Cﬂﬂﬂﬂﬂﬂ  [35m€€[31m€€€[35m€ [31m€€€≤€[35m€ [31m∞∞ [35mﬁ€[31m€≤€[35m€[31m›[35mﬁ€[31m€≤› ∞∞ [35mﬁ€[31m≤€[s
[u€[35m€›[31mﬁ€€[35m€› [31m∞∞ [35m€[31m€€≤€[35m€›[31m€ﬂﬂ€[35m≤≤[10;1H  [1m∞   ‹‹‹[0;35m‹[1m‹[0;35m‹‹‹€    [1m€ [0;35m€[5C€ [1m∞∞ ﬁ[5C›[0;35mﬁ   › [1;31m∞[0;35m∞ ﬁ[5C›ﬁ   ›∞[1m∞[31m∞ [0;35m€[5C›[1mﬂ  ﬂﬂ[0;35mﬂ [1m∞[11;1H[s
[u[5C€∞∞∞∞[0;35m∞∞€ﬂﬂ[1mﬂﬂﬂﬂ  ﬂ€∞∞∞∞€ ∞∞ ﬁ∞∞∞∞€∞[0;35m€[1m∞∞[0;35m∞› [1;31m∞[0;35m∞ ﬁ[1m∞∞∞∞∞ [0;35m€[1m∞∞∞[0;35m› [1m∞∞ [0;35m€[1m∞∞[0;35m∞€€ﬂﬂ[1mﬂﬂ€€€‹[12;1H  [0;31m∞ €±±±±±[35m±[1m±› ‹[0;31m‹‹€≤€€€‹‹ﬂ±±€  ∞ [35m€[31m±±±±[s
[u[35m€ [31m€±[35m±±[31m€  ∞ €[1;35m±±[0;31m±±[35m€ €±[31m±±€ ∞ ﬁ€±[35m±[31m±±€ €€  €€≤[13;1H   ﬁ[35m€[31m≤≤≤≤≤[35m≤€   [31m€≤€≤≤[35m≤[31m€›‹≤≤≤≤[35m€   €≤≤[31m≤€ ﬂ€[35m≤≤≤≤€   [31m€≤[35m≤≤€∞ﬂ€≤[31m≤≤≤[35m‹ ‹€[31m≤≤[35m≤≤€ [s
[u[31m€€[35m€  €€[31m≤[14;1H   ﬁ[35m€[31m≤[35m€[31m€€€€[35m€[31m›  [35m€€[31m€€€[35m€[31m€[35m€ ﬂ€€€€€‹€€€ﬂ[31mﬂ ∞  [35mﬂ€€€€€‹€€€ﬂﬂ [31m∞  [35mﬂ€€€€€€€€€ﬂﬂ  €€€  €≤≤[15;1H   €€€€≤[31m€€€[35m€€‹‹‹€€€€€ﬂﬂﬂﬂ  [31m‹  [35m‹‹‹ [1m‹[s
[u‹‹[0;35m‹‹‹‹[31m‹‹‹‹‹‹‹‹‹‹‹‹‹‹‹‹‹‹‹‹‹‹‹‹‹‹‹‹‹‹‹[35m‹‹€€[1m€ﬂ[16;1H   €€[0;35m€€€€€€€ﬂﬂﬂﬂﬂ[17;1H  [1mﬂﬂﬂﬂ[0;35mﬂﬂ[9C[31m˙    2[6C0[6C[35m0[6C[31m0[10CA[7C[35mD    [31m˙[18;1H[19;1H[20;1H[21;1H[22;1H[23;1H[24;1H[25;1H










































































[255D