[40m[2J[11C[0;31mVP Hqtrs[13CT.S.A.N. Hqtrs[16CCanada[2;1H[7CThe Rockin Ranch[8CThe Junkyard Bbs[10CThe Time Tunnel[3;1H[30;41m€≤≤±±∞∞                                                                  ∞∞±±≤≤€[4;1H€≤≤±±∞∞   1984-1991   [40m[A
[22C[41m   [1C[1;33;40mThe Sysop Association Network [41m    [0;30;41mWorld-Wide   ∞∞±±≤≤€[5;1H[1C≤≤±±∞∞                                                                  ∞∞±±≤≤[6;1H€[1;31;40mIggy's Bedroom[33mNorse Wanderer[37mUnderwares[A
[39C[34mThe SlaveDen[0;31mThe Bunker Bbs[1;36mThe Ice Castle[7;1H[0;30;41m€[1;35;40mThe Wall [0;36mBasement[32mInfinite Intoxication[1;33mJolly Bardsmens Pub[34mThe Badlands[35mPhortress[8;1H[34mThe Proving Grounds[37mTwin Peaks[0;31mGe[A
[31Cnesis Division[1;35mLakeside Park[0;32mBraindead[33mInsurrection[9;1H[36mHackers Systems[1;35mThunderboard[33mThe Mutiny[0;36mMorrisons Hotel[1;33mNo Frills[31mBig Byte[32mEagles Nest[10;1H[0;30;41m€[1;34;40mNew Generation Power[31m[A
[21CSwifts Ridge[37mUnknown Division[34mIce Mansion[0;36mStarbase IV[1mThe Cove[11;1H[0;30;41m€[32;40mMount Olympus  [33mAT-Tel 16 Bit[1;36mCassandra Complex[0;31mBandits Hideout  [1;35mPerpetual Motion[12;1H[0;31mCaptain Jacks [1;33mSwi[A
[17Ctchroom [0;35mU.N.I.X.[1;34mRealms of Fantasy [37mNO Carrier [36mBig House [0;32mDarkwell[13;1H [1;33mThe Jolly Roger[0;32mBad Connection[33mMoonbase Alpha[1;36mStealth Hackers[33mAlcatraz[31mConcrete Sea[14;1H[32mLimelight Technolog[A
[19Cies [0;36mExcalibur [35mKnight Society [31mTower of Light [1;34mOverKill [36mNuthouse[15;1H[0;33mLouderThanBombs [1;35mCrystalmer [31mSwindlers Stronghold [37mConsultants Corner [0;32mSanatarium NJ[16;1H[30;41m€[1;34;40mCanide Blast[A
[13C[33mMotherboard East I & 4[0;31mBest of Both Worlds[1;35mViolent Illusions[33mB.S. Box[17;1H[0;30;41m€[1;35;40mWolf's Bar and Surf Shop [36mInfinite Pursuit [34mInn of The Last Home [31mBig City Lights[18;1H[0;30;41m€[36;40mThe Logi G[A
[11Cate[30;41m€€[31;40mDigital Domain[30;41m€€[33;40mThe Tower of High Sorcery[30;41m€€[1;36;40mEdge of Conciousness[19;1H[37mThe Penthouse[20;1H[0;30;41m€≤≤±±∞∞                                                                  ∞∞±±≤≤[40m[A
[41m[21;1H€≤≤±±∞∞                   Leaders In Sysop Communication                 ∞∞±±≤≤[22;1H€≤≤±±∞∞ (c)12/24/90                                                      ∞∞±±≤≤€[0m[255D