[40m[2J[4;27H[0;40mCall[Cthese[Cgreat[CINC[Cboards[5;27H[1;30mÄÄÄÄÄÄÄÄÄÄÄÄÄÄÄÄÄÄÄÄÄÄÄÄÄÄÄ[7;2H[0;40mStar[CFrontiers[4CLost[CSouls[CDomain[C][[4CAdventurer's[CGuild[3CThe[CDark[CDomain[8;2HAbove[Cthe[CLaw[5CDragon's[CHeaven[s
[u[9CThe[CLabortory[8CManifest[9;2HThe[CRoach[CMotel[3CElectric[CDreams[9COcean[CAtlantic[7CFungus[CLand[11;35H[36mßÛßŞİ[2CŞİÜßßÜ[12;35HŞİ[CÛŞİ[CÛŞİ[13;35H[1mÛ[CŞİ[CÛŞİÛ[2CÜ[14;34Hßßßß[3Cß[2Cßß[16;25H[31mThanks[Cfor[Cusin[s
[ug[Cthis[CINC[Cproduct[18;26H[34mLine[CNoise,[COptical[CIllusion,[19;23HThe[CRealm[CKeeper,[CJT,[CThe[CZenabyte,[20;14HR.[CBubba[CMagillicutty,[CThe[CMad[CScientist,[CMegaton[CMan,[21;10HCyborg,[CPatch,[CMaxx[CXfer,[CLord[s
[u[CMichael,[CThe[CHypnotic,[CWarlord,[22;9HCaptain[CCrunch,[CRigor[CMortis,[CMega[CMan,[CRobbie[CHobbie,[CMr.[CClean[0m
