[40m[2J[2H[3H[24C[0;1mCall these Great INC Boards[4H[24C[33mÄÄÄÄÄÄÄÄÄÄÄÄÄÄÄÄÄÄÄÄÄÄÄÄÄÄÄ[5H[6H[13C[32mStar Frontiers[5CDark Domain[7CAdventurer's Guild[7H[13C[31mAbove the Law[6CThe Labatory[6CAntartic Exchange[8H[13C[33mThe Roach[s
[u Motel    Nuclear Wasteland[9H[10H[34C[0;36mßÛßŞİ  ŞİÜßßÜ[11H[34CŞİ ÛŞİ ÛŞİ[12H[34C[1mÛ Şİ ÛŞİÛ  Ü[13H[33Cßßßß   ß  ßß[14H[15H[24C[31mThanks for Using this INC Product[16H[17H[26C[34mLine Noise, The Realm Keeper,[18H[17C[32mThe[s
[u Mad Scientist, Vigilanti, JT, The Zenabyte,[19H[14C[36mData Detective, Lord Michael, Captain Crunch, Mega Man,[20H[16C[31mPatcheye Knight, The Crusher, Mr. Clean, Lord Miciam,[21H[21C[33mSub Zero, Iceman, R. Bubba Magillicutty![22H[23H[0m
