[40m[2J[2H[3H[3C[0;1;34mÖÄ[36mDescription[34mÄÄÄÄÄÄÄÄÄÄÄÄÄÄÄÄÄÄÄÄÄÄÄÄÄÄÄÄÄÒÄÄÄÄÄÄÄÄÄÄÄÄÄÄÄÄÄÄÄÄÄÄÄÄÄÄÄÄÄÄÄ·[4H   º[41Cº [30mú   [0m.    [1;30mú[10C.[6C[0m.  [1;34mº[5H   º[41Cº [36mÞ±±±±±±±± Þ±± [0mú [1;36mÞ±± Þ±±±±±±±±[37m.[34m[s
[uº[6H   º[0;34mÄ[1;36mSupports[0;34mÄÄÄÄÄÄÄÄÄÄÄÄÄÄÄÄÄÄÄÄÄÄÄÄÄÄÄÄÄÄÄÄ[1mº  [37mú [36mÞ±±   [0m.[1;36mÞ±±± [37mú[36mÞ±±[37m.[36mÞ±±  [37mú    [34mº[7H   º[41Cº  [0mú [1;36mÞ±± [0mú  [1;36mÞ±±±± Þ±± Þ±±[6C[0mú[1;34mº[8H   º[41C[s
[uº [30mú  [36mÞ±±   [30mú[36mÞ±±Þ±±Þ±± Þ±±   [30mú   [34mº[9H   º[0;34mÄ[1;36mCopy[0;34mÄ[1;36mProtection[0;34mÄÄÄÄÄÄÄÄÄÄÄÄÄÄÄÄÄÄÄÄÄÄÄÄÄ[1mº   [0mú[1;36mÞ±±  [37mú [36mÞ±±[30mú[36mÞ±±±±[30m.[36mÞ±± [37mú  [30mú  [34mº[10H   º[s
[u[41Cº[37mú   [36mÞ±± [30mú  [36mÞ±±  Þ±±± Þ±±  [30m.    [34mº[11H   º[41Cº   [37m.[36mÞ±± [0mú  [1;36mÞ±±[37m.  [36mÞ±± Þ±±[0mú    [1mú [34mº[12H   º[0;34mÄ[1;36mNotes[0;34mÄÄÄÄÄÄÄÄÄÄÄÄÄÄÄÄÄÄÄÄÄÄÄÄÄÄÄÄÄÄÄÄÄÄÄ[1mº[0m.[1;36mÞ±[s
[u±±±±±±±[37m.[36mÞ±±  [0mú[1;36mÞ±±[0m.[1;36mÞ±±±±±±±± [34mº[13H   º[41Cº  [30mÄÄÄÄÄÄÄÄÄÄÄÄÄÄÄÄÄÄÄÄÄÄÄÄÄÄÄ [37mú[34mº[14H   º[41Cº [0mú [36mR e l e a s e  [1;30mú  [0;36mI n f o   [1;34mº[15H   º[41Cº  [30mÄÄÄÄÄÄÄÄÄÄÄÄÄÄÄÄÄÄÄÄÄÄ[s
[uÄÄÄÄÄ ú[34mº[16H   º[41Cº  [37mú[7C. [0mú[5C[1mú[5C[0m.    [1m. [34mº[17H   ÓÄÄÄÄÄÄÄÄÄÄÄÄÄÄÄÄÄÄÄÄÄÄÄÄÄÄÄÄÄÄÄÄÄÄÄÄÄÄÄÄÄÐÄÄÄÄÄÄÄÄÄÄÄÄÄÄÄÄÄÄÄÄÄÄÄÄÄÄÄÄÄÄÄ½[18H[21C[0;33mÄ[1;31mSupplied[0;33mÄ[1;31mBy[0;33mÄ  [1;37m[Supplier Name]
[19H[23C[0;33mÄ[1;31mBroken[0;33mÄ[1;31mBy[0;33mÄ  [1;37m[Cracker Name][20H[21H[22H[21CÄÄ[36mÄ[0;36mÄ[1;34mÄ[0;34mÄ[1;37mWatch for more [5;33mINC [0;1mcracks![0;34mÄ[1mÄ[0;36mÄ[1mÄ[37mÄÄ[23H[0m
