[40m[2J[17C[0;1mÚÄÄÄÄÄÄÄÄÄÄÄÄÄÄÄÄÄÄÄÄÄÄÄÄÄÄÄÄÄÄÄÄÄÄÄÄÄÄÄÄÄÄÄÄ¿[2H[32mGame Description [37m³ [33mChess Player 2150 by Oxford Softworks.[5C[37m³ [34mÜÜÜÜ    ÜÜÜÜ[3H[17C[37m³ [33mHere's yet another chess game. This one is [37m³ [34mÛÛÛÛÜÜ[s
[uÜÜÛÛÛÛ[4H[17C[37m³ [33mfrom Europe, and is in French unfortunetly.[37m³ [34mÛÛÛÛÛÛÛÛÛÛÛÛ[5H[17C[37m³ [33mEasy to figure out though.[17C[37m³ [34mÛÛÛÛ    ÛÛÛÛ[6H   [32mGame Supports [37mÃÄÄÄÄÄÄÄÄÄÄÄÄÄÄÄÄÄÄÄÄÄÄÄÄÄÄÄÄÄÄÄÄÄÄÄÄÄÄÄÄÄÄÄÄ´ [s
[u[34mÜÜÜÜÜÜÜÜÜÜÜÜ[7H[17C[37m³ [33mCGA/EGA[6CKeyboard![21C[37m³ [34mÛÛÛÛÛÛÛÛÛÛÛÛ[8H[17C[37m³ [33mIBM Sound Speaker[26C[37m³ [34mÜÜÜÜÜÜÜÜÜÛÛÛ[9H[17C[37mÃÄÄÄÄÄÄÄÄÄÄÄÄÄÄÄÄÄÄÄÄÄÄÄÄÄÄÄÄÄÄÄÄÄÄÄÄÄÄÄÄÄÄÄÄ´ [34mÛÛÛÛÛÛÛÛÛÛÛÛ[10H [32mCopy P[s
[urotection [37m³ [33mNone[39C[37m³ [34mÜÜÜÜÜÜÜÜÜÜÜÜ[11H[17C[37mÃÄÄÄÄÄÄÄÄÄÄÄÄÄÄÄÄÄÄÄÄÄÄÄÄÄÄÄÄÄÄÄÄÄÄÄÄÄÄÄÄÄÄÄÄ´ [34mÛÛÛÛÛÛÛÛÛÛÛÛ[12H[11C[32mNotes [37m³ [31mRBM [33m- get your own members, down TRY to    [37m³ [34mÛÛÛÛ    ÛÛÛÛ[13H[17C[s
[u[37m³ [33msteal others - also, at least you left THG,[37m³ [34mÛÛÛÛ    ÛÛÛÛ[14H[17C[37m³ [33mI warned you!  [31mTHG [33m- wazza matter? Cant    [37m³ Release Info[15H[17C³ [33mhold on to your members? aww poor babies!  [37m³[16H[17C[s
[uÀÄÄÄÄÄÄÄÄÄÄÄÄÄÄÄÄÄÄÄÄÄÄÄÄÄÄÄÄÄÄÄÄÄÄÄÄÄÄÄÄÄÄÄÄÙ[17H[18H [34mSoftware Supplied By : [33mThe Jet[19H [34mSoftware Packaged By : [33mLine Noise[20H[21H[37mÚÄÄÄÄÄÄÄÄÄÄÄÄÄÄÄÄÄÄÄÄÄÄÄÄÄÄÄÄÄÄÄÄÄÄÄÄÄÄÄÄÄÄÄÄÄÄÄÄÄÄÄÄÄÄÄÄÄÄÄÄÄÄÄÄÄÄÄÄÄÄÄÄÄÄÄÄÄÄ¿³ Hi [s
[u[31mCool Hand[37m, [31mMid-Nite Oil[37m, [31mThe Jet[37m, [31mThe Reaper[37m, [31mStykx[37m, [31mLord Blix[37m![11C³ÀÄÄÄÄÄÄÄÄÄÄÄÄÄÄÄÄÄÄÄÄÄÄÄÄÄÄÄÄÄÄÄÄÄÄÄÄÄÄÄÄÄÄÄÄÄÄÄÄÄÄÄÄÄÄÄÄÄÄÄÄÄÄÄÄÄÄÄÄÄÄÄÄÄÄÄÄÄÄÙ[0m
