[40m[2J[0;36mздддддддддддддддддддддддд©[2HЁ[1mэээ эээ эээ[13C[0;36mЁ [1;33mTitle[5C[0;36m: [1;34mIndianapolis 500 by EA[3H[0;36mЁ[1mэшэ ш ш шээ [31mRelease Info[0;36mЁ [1;33mDate[6C[0;36m: [1;34mDecember 21th, 1989[4H[0;36mюдддддд[s
[uдддддддддддддддддды[5H[6H зддддддддддддддддддддддддддддддддддддддддддддддддддддддддддддддддддддддддддд©[7H Ё [1;34mGame Descriptions  : [37mVery good car game...GREAT ADLIB Hope you enjoy[6C[0;36mЁ[8H Ё[22C[1;37manother INC Crack.[35C[s
[u[0;36mЁ[9H цддддддддддддддддддддддддддддддддддддддддддддддддддддддддддддддддддддддддддд╢[10H Ё [1;34mHardware Supported : [37mCGA, EGA, VGA, ADLIB[33C[0;36mЁ[11H цддддддддддддддддддддддддддддддддддддддддддддддддддддддддддддддддддддддддддд╢
[12H Ё [1;34mSoftware Protection: [37mDoc Check[44C[0;36mЁ[13H цддддддддддддддддддддддддддддддддддддддддддддддддддддддддддддддддддддддддддд╢[14H Ё [1;34mNotes[14C: [37mPretty simple... not as hard as other recent EA games[0;36mЁ[15H Ё[22C[s
[u[1;37mnamely Star Flight II. To use adlib, type the[8C[0;36mЁ[16H Ё[22C[1;37mfollowing when you get to the DOS Prompt.  "INDY /A" [0;36mЁ[17H Ё[22C[1;37motherwise, just type "INDY"[26C[0;36mЁ[18H юддддддддддддддддддддддддддддддддддддддд[s
[uдддддддддддддддддддддддддддддддддддды[19H[20H[8C[1;33mCracker [31mData Detective[21H[7C[33mSupplier [31mCaptain Crunch[22H[23H[0m
